{
  "namee": "Pong",
  "password": "passwd",
  "role": "user"
}
