{
  "name": "Pong",
  "password": "passwd",
  "role": "user"
}
