{
  "message": "Key: 'UserName' Error:Field validation for 'UserName' failed on the 'required' tag"
}
