{
  "user_name": "Pong",
  "password": "passwd"
}
